
main() listing current directory
'.'
'..'
'EBOOT.PBP'
'Makefile'
'PARAM.SFO'
'cwd.c'
'cwd.elf'
'cwd.expected'
'cwd.expected2.txt'
'cwd.o'
'cwd.prx'

Thread 1 changing to host0:/

Thread 1 listing current directory
'.'
'..'
'.git'
'.gitignore'
'.pspsh.hist'
'LICENSE.txt'
'README.md'
'__testerror.txt'
'__testoutput.txt'
'common'
'demos'
'demos_ex'
'gentest.py'
'input'
'tests'
'utils'
'vcproj'

Thread 2 starting, current directory:
Failed to open "." with error: 8002032C

Thread 2 exiting

main() listing current directory
'.'
'..'
'EBOOT.PBP'
'Makefile'
'PARAM.SFO'
'cwd.c'
'cwd.elf'
'cwd.expected'
'cwd.expected2.txt'
'cwd.o'
'cwd.prx'

Thread 3 starting, current directory:
Failed to open "." with error: 8002032C

Thread 3 exiting

main() is finished - now waiting for threads

Thread 1 exiting (here's another listing)
'.'
'..'
'.git'
'.gitignore'
'.pspsh.hist'
'LICENSE.txt'
'README.md'
'__testerror.txt'
'__testoutput.txt'
'common'
'demos'
'demos_ex'
'gentest.py'
'input'
'tests'
'utils'
'vcproj'

All done!
